MySQL管理者密码设置或修改：
依据官方说明5.6以后版本，第一次启动时会在root目录下生产一个随机密码，文件名.mysql_secret。

输入：grep 'temporary password' /var/log/mysqld.log
显示：2016-06-05T00:28:46.587466Z 1 [Note] A temporary password is generated for root@localhost: yr;Ko+yP?2fs


修改密码时：
mysql> SET PASSWORD = PASSWORD('123qwe!@#');
ERROR 1819 (HY000): Your password does not satisfy the current policy requirements

提示不安全。

有时候，只是为了自己测试，不想密码设置得那么复杂，譬如说，我只想设置root的密码为123456。

必须修改两个全局参数：

首先，修改validate_password_policy参数的值

mysql> set global validate_password_policy=0;
Query OK, 0 rows affected (0.00 sec)
这样，判断密码的标准就基于密码的长度了。这个由validate_password_length参数来决定。


这样可以设置数数字密码了
mysql> SET PASSWORD = PASSWORD('12345678');

validate_password_policy有以下取值：

Policy	Tests Performed
0 or LOW	Length
1 or MEDIUM	Length; numeric, lowercase/uppercase, and special characters
2 or STRONG	Length; numeric, lowercase/uppercase, and special characters; dictionary file
默认是1，即MEDIUM，所以刚开始设置的密码必须符合长度，且必须含有数字，小写或大写字母，特殊字符。

权限为0时只要8位以上的数字就行。

MySQL重设root密码

幸运地是，重设密码很容易。

注意：MySQL的root用户和服务器操作系统的root用户是两个不同的用户，不要搞混了。

基本的思路是，以安全模式启动mysql，这样不需要密码可以直接以root身份登录，然后重设密码。

首先，我们停掉MySQL服务：

sudo service mysql stop
以上命令适用于Ubuntu和Debian。CentOS、Fedora和RHEL下使用mysqld替换mysql。

以安全模式启动mysql：

sudo mysqld_safe --skip-grant-tables --skip-networking &
注意我们加了--skip-networking，避免远程无密码登录MySQL。（感谢 RobberPhex指出。）

这样我们就可以直接用root登录，无需密码：

全选复制放进笔记mysql -u root
接着重设密码：

mysql> use mysql;
mysql> update user set password=PASSWORD("mynewpassword") where User='root';
mysql> flush privileges;
注意，命令后需要加分号。

重设完毕后，我们退出，然后启动mysql服务：

mysql > quit
quit不需要分号。

重启服务：

sudo service mysql restart
同样，以上命令适用于Ubuntu和Debian，Centos、Fedora和RHEL需要用mysqld替换mysql。

现在可以尝试用新密码登录了：

mysql -u root -pmynewpassword
注意，-p和密码间不能有空格。